stress-ng: 06:35:35.70 info:  [897696] setting to a 1 hour run per stressor
stress-ng: 06:35:35.71 info:  [897696] dispatching hogs: 8 cpu
stress-ng: 06:35:35.71 info:  [897696] note: /proc/sys/kernel/sched_autogroup_enabled is 1 and this can impact scheduling throughput for processes not attached to a tty. Setting this to 0 may improve performance metrics
stress-ng: 06:35:35.71 info:  [897729] therm: AvGHz MnGHz MxGHz  LdA1  LdA5 LdA15  x86_pk
stress-ng: 06:35:35.71 info:  [897729] therm:  3.70  3.70  3.70  0.54  0.38  0.37   58.00
stress-ng: 06:35:35.71 info:  [897729] status: 0 run, 0 exit, 0 reap, 0 fail, 0 sigalarm, 0 sec
stress-ng: 06:35:35.71 info:  [897731] cpu: for stable load results, select a specific cpu stress method with --cpu-method other than 'all'
stress-ng: 06:35:35.71 info:  [897732] cpu: for stable load results, select a specific cpu stress method with --cpu-method other than 'all'
stress-ng: 06:35:35.71 info:  [897733] cpu: for stable load results, select a specific cpu stress method with --cpu-method other than 'all'
stress-ng: 06:35:35.71 info:  [897734] cpu: for stable load results, select a specific cpu stress method with --cpu-method other than 'all'
stress-ng: 06:35:35.71 info:  [897735] cpu: for stable load results, select a specific cpu stress method with --cpu-method other than 'all'
stress-ng: 06:35:35.71 info:  [897737] cpu: for stable load results, select a specific cpu stress method with --cpu-method other than 'all'
stress-ng: 06:35:35.71 info:  [897738] cpu: for stable load results, select a specific cpu stress method with --cpu-method other than 'all'
stress-ng: 06:35:35.72 info:  [897739] cpu: for stable load results, select a specific cpu stress method with --cpu-method other than 'all'
stress-ng: 06:36:35.71 info:  [897729] therm:  1.20  1.20  1.20  4.02  1.43  0.73   55.00
stress-ng: 06:37:35.71 info:  [897729] therm:  3.70  3.70  3.70  5.44  2.29  1.07   62.00
stress-ng: 06:38:35.71 info:  [897729] therm:  1.88  1.20  3.90  5.58  2.92  1.37   53.00
stress-ng: 06:39:35.71 info:  [897729] therm:  3.70  3.70  3.70  5.64  3.42  1.64   61.00
stress-ng: 06:40:35.71 info:  [897729] therm:  1.51  1.20  3.69  5.63  3.82  1.89   52.00
stress-ng: 06:41:35.71 info:  [897729] therm:  1.49  1.20  3.54  5.59  4.14  2.12   57.00
stress-ng: 06:42:35.71 info:  [897729] therm:  3.70  3.70  3.70  5.83  4.48  2.37   60.00
stress-ng: 06:43:35.71 info:  [897729] therm:  1.20  1.20  1.20  5.71  4.68  2.57   50.00
stress-ng: 06:44:35.71 info:  [897729] therm:  1.20  1.20  1.20  5.85  4.88  2.77   50.00
stress-ng: 06:45:35.71 info:  [897729] therm:  3.49  1.22  3.90  6.06  5.13  2.99   54.00
stress-ng: 06:46:35.71 info:  [897729] therm:  1.20  1.19  1.20  5.91  5.27  3.18   52.00
stress-ng: 06:47:35.71 info:  [897729] therm:  2.21  1.20  3.90  5.97  5.39  3.35   50.00
stress-ng: 06:48:35.71 info:  [897729] therm:  3.36  1.20  3.67  5.90  5.44  3.49   56.00
stress-ng: 06:49:35.71 info:  [897729] therm:  3.70  3.70  3.70  5.83  5.49  3.63   57.00
stress-ng: 06:50:35.71 info:  [897729] therm:  3.70  3.70  3.70  5.64  5.49  3.75   56.00
stress-ng: 06:51:35.71 info:  [897729] therm:  1.20  1.20  1.20  5.75  5.55  3.88   50.00
stress-ng: 06:52:35.71 info:  [897729] therm:  1.20  1.20  1.20  5.85  5.60  4.00   51.00
stress-ng: 06:53:35.71 info:  [897729] therm:  1.20  1.20  1.20  5.68  5.58  4.10   50.00
stress-ng: 06:54:35.71 info:  [897729] therm:  1.20  1.20  1.22  5.23  5.50  4.16   50.00
stress-ng: 06:55:35.71 info:  [897729] therm:  2.23  1.22  3.90  5.43  5.50  4.25   52.00
stress-ng: 06:56:35.71 info:  [897729] therm:  1.20  1.20  1.20  5.40  5.49  4.32   51.00
stress-ng: 06:57:35.71 info:  [897729] therm:  1.20  1.20  1.20  5.89  5.61  4.44   49.00
stress-ng: 06:58:35.71 info:  [897729] therm:  2.82  1.20  3.70  5.65  5.58  4.50   56.00
stress-ng: 06:59:35.71 info:  [897729] therm:  3.70  3.70  3.70  5.61  5.57  4.57   57.00
stress-ng: 07:00:35.71 info:  [897729] therm: AvGHz MnGHz MxGHz  LdA1  LdA5 LdA15  x86_pk
stress-ng: 07:00:35.71 info:  [897729] therm:  1.20  1.20  1.20  5.50  5.56  4.63   51.00
stress-ng: 07:01:35.71 info:  [897729] therm:  3.13  1.20  3.90  5.69  5.58  4.69   52.00
stress-ng: 07:02:35.71 info:  [897729] therm:  1.52  1.20  3.70  5.63  5.60  4.75   51.00
stress-ng: 07:03:35.71 info:  [897729] therm:  2.21  1.20  3.90  6.10  5.73  4.85   49.00
stress-ng: 07:04:35.71 info:  [897729] therm:  3.70  3.70  3.70  5.57  5.63  4.87   56.00
stress-ng: 07:05:35.71 info:  [897729] therm:  3.39  1.20  3.70  6.01  5.77  4.97   58.00
stress-ng: 07:06:35.71 info:  [897729] therm:  1.20  1.20  1.20  6.16  5.85  5.05   50.00
stress-ng: 07:07:35.71 info:  [897729] therm:  1.20  1.20  1.21  5.83  5.79  5.08   51.00
stress-ng: 07:08:35.71 info:  [897729] therm:  1.20  1.20  1.23  5.98  5.82  5.13   50.00
stress-ng: 07:09:35.71 info:  [897729] therm:  1.20  1.20  1.20  5.62  5.73  5.14   50.00
stress-ng: 07:10:35.71 info:  [897729] therm:  1.75  1.20  3.64  5.67  5.73  5.18   52.00
stress-ng: 07:11:35.71 info:  [897729] therm:  2.46  1.22  3.70  5.57  5.70  5.20   55.00
stress-ng: 07:12:35.71 info:  [897729] therm:  1.46  1.20  3.29  5.85  5.75  5.26   51.00
stress-ng: 07:13:35.71 info:  [897729] therm:  3.33  1.20  3.90  5.61  5.72  5.28   58.00
stress-ng: 07:14:35.71 info:  [897729] therm:  1.20  1.20  1.20  5.94  5.80  5.33   50.00
stress-ng: 07:15:35.71 info:  [897729] therm:  2.18  1.20  3.90  5.64  5.75  5.35   50.00
stress-ng: 07:16:35.71 info:  [897729] therm:  1.20  1.20  1.20  5.34  5.65  5.34   51.00
stress-ng: 07:17:35.71 info:  [897729] therm:  1.54  1.20  3.90  5.82  5.73  5.39   50.00
stress-ng: 07:18:35.71 info:  [897729] therm:  1.26  1.20  1.66  5.73  5.70  5.40   50.00
stress-ng: 07:19:35.71 info:  [897729] therm:  3.13  1.20  3.90  5.65  5.68  5.41   56.00
stress-ng: 07:20:35.71 info:  [897729] therm:  1.70  1.70  1.70  5.83  5.71  5.44   51.00
stress-ng: 07:21:35.71 info:  [897729] therm:  1.54  1.20  3.90  5.66  5.70  5.45   54.00
stress-ng: 07:22:35.71 info:  [897729] therm:  1.46  1.20  3.24  5.73  5.72  5.47   50.00
stress-ng: 07:23:35.71 info:  [897729] therm:  3.39  1.20  3.70  5.83  5.73  5.49   57.00
stress-ng: 07:24:35.71 info:  [897729] therm:  1.20  1.20  1.20  5.51  5.67  5.49   51.00
stress-ng: 07:25:35.71 info:  [897729] therm: AvGHz MnGHz MxGHz  LdA1  LdA5 LdA15  x86_pk
stress-ng: 07:25:35.71 info:  [897729] therm:  1.20  1.20  1.20  5.45  5.65  5.49   51.00
stress-ng: 07:26:35.71 info:  [897729] therm:  3.10  1.20  3.90  5.91  5.73  5.53   54.00
stress-ng: 07:27:35.71 info:  [897729] therm:  1.52  1.20  3.70  5.85  5.74  5.55   52.00
stress-ng: 07:28:35.71 info:  [897729] therm:  2.90  1.22  3.90  5.61  5.70  5.54   51.00
stress-ng: 07:29:35.71 info:  [897729] therm:  1.20  1.20  1.20  6.04  5.80  5.59   51.00
stress-ng: 07:30:35.71 info:  [897729] therm:  3.65  3.38  3.90  5.86  5.80  5.60   56.00
stress-ng: 07:31:35.71 info:  [897729] therm:  1.20  1.20  1.20  6.11  5.89  5.65   50.00
stress-ng: 07:32:35.71 info:  [897729] therm:  1.20  1.20  1.20  5.91  5.88  5.66   50.00
stress-ng: 07:33:35.71 info:  [897729] therm:  2.14  1.20  3.90  5.84  5.87  5.67   49.00
stress-ng: 07:34:35.71 info:  [897729] therm:  1.20  1.20  1.20  5.45  5.77  5.65   50.00
stress-ng: 07:35:35.71 info:  [897729] therm:  1.88  1.20  3.90  5.67  5.79  5.66   50.00
stress-ng: 07:35:35.79 metrc: [897696] stressor       bogo ops real time  usr time  sys time   bogo ops/s     bogo ops/s CPU used per       RSS Max
stress-ng: 07:35:35.79 metrc: [897696]                           (secs)    (secs)    (secs)   (real time) (usr+sys time) instance (%)          (KB)
stress-ng: 07:35:35.79 metrc: [897696] cpu            13461795   3600.01  20147.30     15.03      3739.37         667.67        70.01          8992
stress-ng: 07:35:35.79 info:  [897696] skipped: 0
stress-ng: 07:35:35.79 info:  [897696] passed: 8: cpu (8)
stress-ng: 07:35:35.79 info:  [897696] failed: 0
stress-ng: 07:35:35.79 info:  [897696] metrics untrustworthy: 0
stress-ng: 07:35:35.79 info:  [897696] successful run completed in 1 hour
