stress-ng: 01:35:23.36 info:  [578435] setting to a 3 hours run per stressor
stress-ng: 01:35:23.37 info:  [578435] dispatching hogs: 2 vm
stress-ng: 01:35:23.37 info:  [578435] note: /proc/sys/kernel/sched_autogroup_enabled is 1 and this can impact scheduling throughput for processes not attached to a tty. Setting this to 0 may improve performance metrics
stress-ng: 01:35:23.37 info:  [578468] therm: AvGHz MnGHz MxGHz  LdA1  LdA5 LdA15  x86_pk
stress-ng: 01:35:23.37 info:  [578468] therm:  3.08  1.20  3.70  0.44  3.63  6.32   57.00
stress-ng: 01:35:23.37 info:  [578468] status: 1 run, 0 exit, 0 reap, 0 fail, 0 sigalarm, 0 sec
stress-ng: 01:35:23.37 info:  [578470] vm: using 3.41G per stressor instance (total 6.82G of 9.73G available memory)
stress-ng: 01:36:23.37 info:  [578468] vmstat:   r   b      swpd      free      buff     cache   si   so     bi     bo   in   cs us sy id wa st
stress-ng: 01:36:23.37 info:  [578468] vmstat:   3   0       256   7372760     79552   1051352    0 14894      0  59584 2448 2967 22  3 75  1  0
stress-ng: 01:36:23.37 info:  [578468] therm:  1.24  1.20  1.50  1.51  3.35  6.06   54.00
stress-ng: 01:37:23.37 info:  [578468] vmstat:   3   0       512   3041676     79648   1051400    0 14894      0  59581 2445 2931 23  2 75  1  0
stress-ng: 01:37:23.37 info:  [578468] therm:  1.71  1.20  3.90  1.88  3.11  5.80   53.00
stress-ng: 01:38:23.37 info:  [578468] vmstat:   3   0       512   3042044     79744   1051404    0    0      0      5 2436 2935 25  0 75  0  0
stress-ng: 01:38:23.37 info:  [578468] therm:  1.20  1.20  1.20  2.01  2.92  5.57   52.00
stress-ng: 01:39:23.37 info:  [578468] vmstat:   3   0      1024   9019776     79840   1051532    0 14894      0  59581 2452 2938 24  1 75  1  0
stress-ng: 01:39:23.37 info:  [578468] therm:  2.63  1.20  3.69  2.00  2.75  5.34   53.00
stress-ng: 01:40:23.37 info:  [578468] vmstat:   3   0      1024   3044356     79928   1051548    0    0      0      5 2424 2962 25  0 75  0  0
stress-ng: 01:40:23.37 info:  [578468] therm:  1.23  1.20  1.40  2.00  2.61  5.13   50.00
stress-ng: 01:41:23.37 info:  [578468] vmstat:   3   0      1208   6450136     80024   1051656    0    0      0      4 2388 2919 21  4 75  0  0
stress-ng: 01:41:23.37 info:  [578468] therm:  2.01  1.20  3.90  2.00  2.50  4.93   50.00
stress-ng: 01:42:23.37 info:  [578468] vmstat:   3   0      1464   6497212     80112   1051748    0 14894      0  59581 2434 2944 22  2 75  1  0
stress-ng: 01:42:23.37 info:  [578468] therm:  2.14  1.20  3.70  2.00  2.41  4.75   54.00
stress-ng: 01:43:23.37 info:  [578468] vmstat:   3   0      1720  10073056     80208   1051604    0 14894      0  59582 2442 2969 23  2 75  1  0
stress-ng: 01:43:23.37 info:  [578468] therm:  2.33  1.20  3.70  2.00  2.33  4.57   49.00
stress-ng: 01:44:23.37 info:  [578468] vmstat:   3   0      1720  10087488     80296   1051620    0    0      0      4 2421 2914 25  0 75  0  0
stress-ng: 01:44:23.37 info:  [578468] therm:  1.82  1.20  3.90  2.07  2.28  4.41   48.00
stress-ng: 01:45:23.37 info:  [578468] vmstat:   3   0      1720  10001488     80392   1051628    0    0      0      5 2433 2956 25  0 75  0  0
stress-ng: 01:45:23.37 info:  [578468] therm:  1.20  1.20  1.20  2.02  2.23  4.26   48.00
stress-ng: 01:46:23.37 info:  [578468] vmstat:   3   0      1720   9911432     80488   1051644    0    0      0      4 2463 3001 25  0 75  0  0
stress-ng: 01:46:23.37 info:  [578468] therm:  1.36  1.20  2.50  2.07  2.21  4.12   48.00
stress-ng: 01:47:23.37 info:  [578468] vmstat:   3   0      1720   9816756     80576   1051656    0    0      0      5 2427 2927 25  0 75  0  0
stress-ng: 01:47:23.37 info:  [578468] therm:  1.20  1.20  1.20  2.02  2.17  3.99   48.00
stress-ng: 01:48:23.37 info:  [578468] vmstat:   3   0      1720   9739612     80664   1051676    0    0      0      4 2413 2920 25  0 75  0  0
stress-ng: 01:48:23.37 info:  [578468] therm:  1.20  1.20  1.20  2.05  2.15  3.87   47.00
stress-ng: 01:49:23.37 info:  [578468] vmstat:   3   0      1720   9645804     80752   1051692    0    0      0      4 2421 2976 25  0 75  0  0
stress-ng: 01:49:23.37 info:  [578468] therm:  1.44  1.20  3.10  2.02  2.12  3.75   48.00
stress-ng: 01:50:23.37 info:  [578468] vmstat:   3   0      1720   9572804     80840   1051700    0    0      0      5 2407 2933 25  0 75  0  0
stress-ng: 01:50:23.37 info:  [578468] therm:  1.20  1.20  1.20  2.11  2.13  3.65   48.00
stress-ng: 01:51:23.37 info:  [578468] vmstat:   3   0      1720   9489316     80928   1051696    0    0      0      9 2387 2977 25  0 75  0  0
stress-ng: 01:51:23.37 info:  [578468] therm:  2.37  1.20  3.90  2.07  2.12  3.54   48.00
stress-ng: 01:52:23.37 info:  [578468] vmstat:   3   0      1720   9407908     81016   1051712    0    0      0      4 2422 2966 25  0 75  0  0
stress-ng: 01:52:23.37 info:  [578468] therm:  1.20  1.20  1.20  2.11  2.12  3.46   47.00
stress-ng: 01:53:23.37 info:  [578468] vmstat:   3   0      1720   9317336     81104   1051728    0    0      0      4 2393 2916 25  0 75  0  0
stress-ng: 01:53:23.37 info:  [578468] therm:  1.20  1.20  1.20  2.08  2.11  3.37   47.00
stress-ng: 01:54:23.37 info:  [578468] vmstat:   3   0      1720   9228768     81192   1051740    0    0      0      5 2398 2983 25  0 75  0  0
stress-ng: 01:54:23.37 info:  [578468] therm:  1.23  1.20  1.41  2.03  2.09  3.28   50.00
stress-ng: 01:55:23.37 info:  [578468] vmstat:   3   0      1720   9128500     81288   1051756    0    0      0      5 2379 2899 25  0 75  0  0
stress-ng: 01:55:23.37 info:  [578468] therm:  1.85  1.20  3.90  2.01  2.07  3.20   48.00
stress-ng: 01:56:23.37 info:  [578468] vmstat:   3   0      1720   9039872     81376   1051772    0    0      0      4 2403 2925 25  0 75  0  0
stress-ng: 01:56:23.37 info:  [578468] therm:  1.20  1.20  1.20  2.07  2.07  3.12   49.00
stress-ng: 01:57:23.37 info:  [578468] vmstat:   3   0      1720   8932632     81480   1051784    0    0      0      9 2410 2951 25  0 75  0  0
stress-ng: 01:57:23.37 info:  [578468] therm:  2.51  1.20  3.90  2.02  2.05  3.05   51.00
stress-ng: 01:58:23.37 info:  [578468] vmstat:   3   0      1720   8846352     81576   1051796    0    0      0      4 2410 2950 25  0 75  0  0
stress-ng: 01:58:23.37 info:  [578468] therm:  1.36  1.20  2.50  2.01  2.04  2.98   49.00
stress-ng: 01:59:23.37 info:  [578468] vmstat:   3   0      1720   8740224     81672   1051808    0    0      0      5 2408 2933 25  0 75  0  0
stress-ng: 01:59:23.37 info:  [578468] therm:  1.36  1.20  2.50  2.14  2.07  2.93   48.00
stress-ng: 02:00:23.37 info:  [578468] vmstat:   3   0      1720   8640040     81768   1051828    0    0      0      5 2408 2964 25  0 75  0  0
stress-ng: 02:00:23.37 info:  [578468] therm: AvGHz MnGHz MxGHz  LdA1  LdA5 LdA15  x86_pk
stress-ng: 02:00:23.37 info:  [578468] therm:  2.15  1.20  3.60  2.05  2.05  2.87   50.00
stress-ng: 02:01:23.37 info:  [578468] vmstat:   r   b      swpd      free      buff     cache   si   so     bi     bo   in   cs us sy id wa st
stress-ng: 02:01:23.37 info:  [578468] vmstat:   3   0      1720   8548372     81856   1051836    0    0      0      4 2390 2917 25  0 75  0  0
stress-ng: 02:01:23.37 info:  [578468] therm:  1.20  1.20  1.20  2.05  2.05  2.82   48.00
stress-ng: 02:02:23.37 info:  [578468] vmstat:   3   0      1720   8464576     81944   1051852    0    0      0      4 2398 2928 25  0 75  0  0
stress-ng: 02:02:23.37 info:  [578468] therm:  1.20  1.20  1.20  2.02  2.04  2.77   47.00
stress-ng: 02:03:23.37 info:  [578468] vmstat:   3   0      1720   8378872     82032   1051856    0    0      0      4 2419 2967 25  0 75  0  0
stress-ng: 02:03:23.37 info:  [578468] therm:  2.14  1.20  2.50  2.07  2.05  2.72   48.00
stress-ng: 02:04:23.37 info:  [578468] vmstat:   3   0      1720   8289152     82128   1051872    0    0      0      5 2392 2918 25  0 75  0  0
stress-ng: 02:04:23.37 info:  [578468] therm:  1.36  1.20  2.50  2.08  2.05  2.68   48.00
stress-ng: 02:05:23.37 info:  [578468] vmstat:   3   0      1720   8216616     82224   1051888    0    0      0      5 2391 2919 25  0 75  0  0
stress-ng: 02:05:23.37 info:  [578468] therm:  3.29  1.20  3.90  2.09  2.06  2.64   52.00
stress-ng: 02:06:23.37 info:  [578468] vmstat:   3   0      1720   8126336     82320   1051904    0    0      0      5 2408 2976 25  0 75  0  0
stress-ng: 02:06:23.37 info:  [578468] therm:  1.53  1.20  3.80  2.08  2.06  2.60   48.00
stress-ng: 02:07:23.37 info:  [578468] vmstat:   3   0      1720   8036648     82416   1051920    0    0      0      5 2390 2922 25  0 75  0  0
stress-ng: 02:07:23.37 info:  [578468] therm:  1.20  1.20  1.20  2.03  2.05  2.56   48.00
stress-ng: 02:08:23.37 info:  [578468] vmstat:   3   0      1720   7950968     82504   1051932    0    0      0      4 2392 2913 25  0 75  0  0
stress-ng: 02:08:23.37 info:  [578468] therm:  2.81  1.20  3.90  2.05  2.05  2.53   51.00
stress-ng: 02:09:23.37 info:  [578468] vmstat:   3   0      1720   7860760     82600   1051948    0    0      0      5 2418 2962 25  0 75  0  0
stress-ng: 02:09:23.37 info:  [578468] therm:  3.30  1.20  3.60  2.02  2.04  2.49   51.00
stress-ng: 02:10:23.37 info:  [578468] vmstat:   3   0      1720   7777544     82696   1051956    0    0      0      5 2394 2921 25  0 75  0  0
stress-ng: 02:10:23.37 info:  [578468] therm:  1.20  1.20  1.20  2.05  2.05  2.46   48.00
stress-ng: 02:11:23.37 info:  [578468] vmstat:   3   0      1720   7696332     82784   1051972    0    0      0      4 2408 2930 25  0 75  0  0
stress-ng: 02:11:23.37 info:  [578468] therm:  2.48  1.20  3.90  2.06  2.05  2.44   51.00
stress-ng: 02:12:23.37 info:  [578468] vmstat:   3   0      1720   7602820     82880   1051988    0    0      0      4 2431 2981 25  0 75  0  0
stress-ng: 02:12:23.37 info:  [578468] therm:  1.70  1.20  3.90  2.09  2.07  2.42   49.00
stress-ng: 02:13:23.37 info:  [578468] vmstat:   3   0      1720   7515628     82960   1052000    0    0      0      4 2405 2932 25  0 75  0  0
stress-ng: 02:13:23.37 info:  [578468] therm:  1.51  1.20  3.70  2.03  2.05  2.39   48.00
stress-ng: 02:14:23.37 info:  [578468] vmstat:   3   0      1720   7432112     83056   1052008    0    0      0      5 2434 2987 25  0 75  0  0
stress-ng: 02:14:23.37 info:  [578468] therm:  1.20  1.20  1.20  2.06  2.06  2.37   49.00
stress-ng: 02:15:23.37 info:  [578468] vmstat:   3   0      1720   7354228     83144   1052024    0    0      0      4 2400 2929 25  0 75  0  0
stress-ng: 02:15:23.37 info:  [578468] therm:  1.51  1.20  3.70  2.08  2.06  2.35   48.00
stress-ng: 02:16:23.37 info:  [578468] vmstat:   3   0      1720   7281820     83240   1052036    0    0      0      4 2407 2927 25  0 75  0  0
stress-ng: 02:16:23.37 info:  [578468] therm:  1.20  1.20  1.20  2.03  2.05  2.33   49.00
stress-ng: 02:17:23.37 info:  [578468] vmstat:   3   0      1720   7194828     83336   1052052    0    0      0      8 2433 2970 25  0 75  0  0
stress-ng: 02:17:23.37 info:  [578468] therm:  2.17  1.20  2.50  2.01  2.04  2.30   49.00
stress-ng: 02:18:23.37 info:  [578468] vmstat:   3   0      1720   7112664     83424   1052068    0    0      0      5 2395 2914 25  0 75  0  0
stress-ng: 02:18:23.37 info:  [578468] therm:  1.36  1.20  2.50  2.05  2.04  2.29   48.00
stress-ng: 02:19:23.37 info:  [578468] vmstat:   3   0      1720   7026532     83520   1052080    0    0      0      5 2388 2899 25  0 75  0  0
stress-ng: 02:19:23.37 info:  [578468] therm:  2.64  1.20  3.90  2.05  2.05  2.27   51.00
stress-ng: 02:20:23.37 info:  [578468] vmstat:   3   0      1720   6943516     83616   1052096    0    0      0      4 2430 2974 25  0 75  0  0
stress-ng: 02:20:23.37 info:  [578468] therm:  1.20  1.20  1.20  2.06  2.05  2.26   48.00
stress-ng: 02:21:23.37 info:  [578468] vmstat:   3   0      1720   6847324     83704   1052108    0    0      0      4 2418 2928 25  0 75  0  0
stress-ng: 02:21:23.37 info:  [578468] therm:  1.20  1.20  1.20  2.09  2.06  2.25   47.00
stress-ng: 02:22:23.37 info:  [578468] vmstat:   3   0      1720   6769888     83800   1052120    0    0      0      4 2417 2935 25  0 75  0  0
stress-ng: 02:22:23.37 info:  [578468] therm:  1.36  1.20  2.50  2.03  2.04  2.23   48.00
stress-ng: 02:23:23.37 info:  [578468] vmstat:   3   0      1720   6685724     83896   1052132    0    0      0      4 2435 2966 25  0 75  0  0
stress-ng: 02:23:23.37 info:  [578468] therm:  1.70  1.20  3.90  2.01  2.03  2.21   48.00
stress-ng: 02:24:23.37 info:  [578468] vmstat:   3   0      1720   6608076     83992   1052148    0    0      0      5 2410 2921 25  0 75  0  0
stress-ng: 02:24:23.37 info:  [578468] therm:  1.70  1.20  3.90  2.00  2.03  2.19   48.00
stress-ng: 02:25:23.37 info:  [578468] vmstat:   3   0      1720   6512544     84088   1052164    0    0      0      5 2390 2917 25  0 75  0  0
stress-ng: 02:25:23.37 info:  [578468] therm: AvGHz MnGHz MxGHz  LdA1  LdA5 LdA15  x86_pk
stress-ng: 02:25:23.37 info:  [578468] therm:  1.20  1.20  1.20  2.06  2.03  2.18   48.00
stress-ng: 02:26:23.37 info:  [578468] vmstat:   r   b      swpd      free      buff     cache   si   so     bi     bo   in   cs us sy id wa st
stress-ng: 02:26:23.37 info:  [578468] vmstat:   3   0      1720   6434408     84184   1052172    0    0      0      4 2432 2978 25  0 75  0  0
stress-ng: 02:26:23.37 info:  [578468] therm:  1.36  1.20  2.50  2.02  2.03  2.17   48.00
stress-ng: 02:27:23.37 info:  [578468] vmstat:   3   0      1720   6331640     84272   1052184    0    0      0      4 2427 2935 25  0 75  0  0
stress-ng: 02:27:23.37 info:  [578468] therm:  1.68  1.20  3.70  2.06  2.04  2.16   48.00
stress-ng: 02:28:23.37 info:  [578468] vmstat:   3   0      1720   6244884     84368   1052200    0    0      0      5 2445 2981 25  0 75  0  0
stress-ng: 02:28:23.37 info:  [578468] therm:  2.15  1.20  2.50  2.09  2.04  2.16   48.00
stress-ng: 02:29:23.37 info:  [578468] vmstat:   3   0      1720   6156444     84464   1052212    0    0      0      4 2419 2925 25  0 75  0  0
stress-ng: 02:29:23.37 info:  [578468] therm:  1.54  1.20  3.90  2.03  2.03  2.15   48.00
stress-ng: 02:30:23.37 info:  [578468] vmstat:   3   0      1720   6077076     84552   1052228    0    0      0      4 2439 2946 25  0 75  0  0
stress-ng: 02:30:23.37 info:  [578468] therm:  1.20  1.20  1.20  2.07  2.04  2.14   47.00
stress-ng: 02:31:23.37 info:  [578468] vmstat:   3   0      1720   5989568     84648   1052240    0    0      0      4 2463 2992 25  0 75  0  0
stress-ng: 02:31:23.37 info:  [578468] therm:  2.51  1.20  3.90  2.18  2.06  2.14   49.00
stress-ng: 02:32:23.37 info:  [578468] vmstat:   3   0      1720   5901292     84736   1052256    0    0      0      5 2442 2944 25  0 75  0  0
stress-ng: 02:32:23.37 info:  [578468] therm:  1.20  1.20  1.20  2.06  2.05  2.13   47.00
stress-ng: 02:33:23.37 info:  [578468] vmstat:   3   0      1720   5821656     84824   1052268    0    0      0      4 2407 2920 25  0 75  0  0
stress-ng: 02:33:23.37 info:  [578468] therm:  1.20  1.20  1.20  2.20  2.10  2.14   47.00
stress-ng: 02:34:23.37 info:  [578468] vmstat:   3   0      1720   5729256     84912   1052280    0    0      0      4 2415 2954 25  0 75  0  0
stress-ng: 02:34:23.37 info:  [578468] therm:  2.14  1.20  3.90  2.13  2.09  2.13   48.00
stress-ng: 02:35:23.37 info:  [578468] vmstat:   3   0      1720   5645096     85008   1052292    0    0      0      4 2398 2921 25  0 75  0  0
stress-ng: 02:35:23.37 info:  [578468] therm:  2.16  1.20  3.70  2.04  2.07  2.12   49.00
stress-ng: 02:36:23.37 info:  [578468] vmstat:   3   0      1720   5563120     85096   1052300    0    0      0      4 2414 2926 25  0 75  0  0
stress-ng: 02:36:23.37 info:  [578468] therm:  2.48  1.20  3.90  2.01  2.06  2.11   50.00
stress-ng: 02:37:23.37 info:  [578468] vmstat:   3   0      1720   5475712     85184   1052316    0    0      0      5 2415 2968 25  0 75  0  0
stress-ng: 02:37:23.37 info:  [578468] therm:  2.01  1.20  2.50  2.04  2.06  2.10   49.00
stress-ng: 02:38:23.37 info:  [578468] vmstat:   3   0      1720   5397328     85280   1052328    0    0      0      5 2394 2920 25  0 75  0  0
stress-ng: 02:38:23.37 info:  [578468] therm:  1.54  1.20  3.90  2.01  2.05  2.09   48.00
stress-ng: 02:39:23.37 info:  [578468] vmstat:   3   0      1720   5318100     85368   1052340    0    0      0      4 2407 2938 25  0 75  0  0
stress-ng: 02:39:23.37 info:  [578468] therm:  2.48  1.20  3.90  2.00  2.03  2.09   49.00
stress-ng: 02:40:23.37 info:  [578468] vmstat:   3   0      1720   5221076     85448   1052356    0    0      0      4 2421 2977 25  0 75  0  0
stress-ng: 02:40:23.37 info:  [578468] therm:  1.20  1.20  1.20  2.00  2.03  2.08   48.00
stress-ng: 02:41:23.37 info:  [578468] vmstat:   3   0      1720   5138680     85540   1052372    0    0      0      5 2405 2928 25  0 75  0  0
stress-ng: 02:41:23.37 info:  [578468] therm:  1.20  1.20  1.20  2.00  2.02  2.07   48.00
stress-ng: 02:42:23.37 info:  [578468] vmstat:   3   0      1720   5050836     85636   1052388    0    0      0      4 2426 2931 25  0 75  0  0
stress-ng: 02:42:23.37 info:  [578468] therm:  1.20  1.20  1.20  2.04  2.03  2.07   49.00
stress-ng: 02:43:23.37 info:  [578468] vmstat:   3   0      1720   4962796     85732   1052400    0    0      0      5 2458 2987 25  0 75  0  0
stress-ng: 02:43:23.37 info:  [578468] therm:  1.68  1.20  3.70  2.06  2.04  2.07   48.00
stress-ng: 02:44:23.37 info:  [578468] vmstat:   3   0      1720   4874432     85820   1052416    0    0      0      4 2435 2946 25  0 75  0  0
stress-ng: 02:44:23.37 info:  [578468] therm:  2.95  1.20  3.90  2.07  2.04  2.07   50.00
stress-ng: 02:45:23.37 info:  [578468] vmstat:   4   0      1720   4790084     85916   1052424    0    0      0      4 2416 2914 25  0 75  0  0
stress-ng: 02:45:23.37 info:  [578468] therm:  1.36  1.20  2.50  2.02  2.03  2.07   48.00
stress-ng: 02:46:23.37 info:  [578468] vmstat:   3   0      1720   4694060     86012   1052448    0    0      0      5 2447 2978 25  0 75  0  0
stress-ng: 02:46:23.37 info:  [578468] therm:  1.70  1.20  3.90  2.06  2.04  2.07   48.00
stress-ng: 02:47:23.37 info:  [578468] vmstat:   3   0      1720   4622508     86100   1052452    0    0      0      4 2399 2913 25  0 75  0  0
stress-ng: 02:47:23.37 info:  [578468] therm:  2.48  1.20  3.90  2.02  2.03  2.06   50.00
stress-ng: 02:48:23.37 info:  [578468] vmstat:   3   0      1720   4538772     86196   1052468    0    0      0      4 2422 2976 25  0 75  0  0
stress-ng: 02:48:23.37 info:  [578468] therm:  2.32  1.20  2.50  2.05  2.04  2.06   48.00
stress-ng: 02:49:23.37 info:  [578468] vmstat:   3   0      1720   4447944     86292   1052476    0    0      0      4 2388 2901 25  0 75  0  0
stress-ng: 02:49:23.37 info:  [578468] therm:  1.36  1.20  2.50  2.02  2.03  2.06   48.00
stress-ng: 02:50:23.37 info:  [578468] vmstat:   3   0      1720   4362096     86388   1052496    0    0      0      5 2401 2933 25  0 75  0  0
stress-ng: 02:50:23.37 info:  [578468] therm: AvGHz MnGHz MxGHz  LdA1  LdA5 LdA15  x86_pk
stress-ng: 02:50:23.37 info:  [578468] therm:  1.54  1.20  3.90  2.09  2.05  2.06   48.00
stress-ng: 02:51:23.37 info:  [578468] vmstat:   r   b      swpd      free      buff     cache   si   so     bi     bo   in   cs us sy id wa st
stress-ng: 02:51:23.37 info:  [578468] vmstat:   4   0      1720   4281680     86484   1052508    0    0      0      4 2427 2981 25  0 75  0  0
stress-ng: 02:51:23.37 info:  [578468] therm:  2.86  1.20  3.60  2.03  2.04  2.06   50.00
stress-ng: 02:52:23.37 info:  [578468] vmstat:   3   0      1720   4199812     86564   1052520    0    0      0      4 2403 2941 25  0 75  0  0
stress-ng: 02:52:23.37 info:  [578468] therm:  1.20  1.20  1.20  2.09  2.05  2.06   48.00
stress-ng: 02:53:23.37 info:  [578468] vmstat:   3   0      1720   4106080     86652   1052536    0    0      0      4 2391 2921 25  0 75  0  0
stress-ng: 02:53:23.37 info:  [578468] therm:  1.20  1.20  1.20  2.10  2.05  2.06   49.00
stress-ng: 02:54:23.37 info:  [578468] vmstat:   3   0      1720   4041840     86748   1052548    0    0      0      5 2423 2977 25  0 75  0  0
stress-ng: 02:54:23.37 info:  [578468] therm:  2.06  1.20  2.50  2.04  2.04  2.05   51.00
stress-ng: 02:55:23.37 info:  [578468] vmstat:   3   0      1720   3952448     86844   1052560    0    0      0      5 2401 2916 25  0 75  0  0
stress-ng: 02:55:23.37 info:  [578468] therm:  1.20  1.20  1.20  2.08  2.06  2.06   49.00
stress-ng: 02:56:23.37 info:  [578468] vmstat:   3   0      1720   3871828     86940   1052576    0    0      0      5 2397 2935 25  0 75  0  0
stress-ng: 02:56:23.37 info:  [578468] therm:  1.20  1.20  1.20  2.06  2.06  2.06   49.00
stress-ng: 02:57:23.37 info:  [578468] vmstat:   3   0      1720   3778700     87036   1052596    0    0      0      5 2415 2958 25  0 75  0  0
stress-ng: 02:57:23.37 info:  [578468] therm:  2.01  1.20  2.50  2.10  2.06  2.06   50.00
stress-ng: 02:58:23.37 info:  [578468] vmstat:   3   0      1720   3700088     87132   1052600    0    0      0      4 2402 2930 25  0 75  0  0
stress-ng: 02:58:23.37 info:  [578468] therm:  1.53  1.20  2.50  2.04  2.05  2.05   50.00
stress-ng: 02:59:23.37 info:  [578468] vmstat:   3   0      1720   3600028     87228   1052616    0    0      0      4 2381 2920 25  0 75  0  0
stress-ng: 02:59:23.37 info:  [578468] therm:  1.20  1.20  1.20  2.12  2.07  2.06   49.00
stress-ng: 03:00:23.37 info:  [578468] vmstat:   3   0      1720   3510100     87324   1052632    0    0      0      4 2421 2981 25  0 75  0  0
stress-ng: 03:00:23.37 info:  [578468] therm:  2.33  1.20  3.70  2.10  2.07  2.06   51.00
stress-ng: 03:01:23.37 info:  [578468] vmstat:   3   0      1720   3426888     87420   1052644    0    0      0      4 2383 2914 25  0 75  0  0
stress-ng: 03:01:23.37 info:  [578468] therm:  1.54  1.20  3.90  2.04  2.05  2.05   48.00
stress-ng: 03:02:23.37 info:  [578468] vmstat:   3   0      1720   3350676     87516   1052660    0    0      0      5 2397 2919 25  0 75  0  0
stress-ng: 03:02:23.37 info:  [578468] therm:  2.16  1.20  3.90  2.01  2.04  2.04   50.00
stress-ng: 03:03:23.37 info:  [578468] vmstat:   3   0      1720   3253524     87612   1052672    0    0      0      4 2417 2981 25  0 75  0  0
stress-ng: 03:03:23.37 info:  [578468] therm:  1.85  1.20  3.90  2.00  2.03  2.04   50.00
stress-ng: 03:04:23.37 info:  [578468] vmstat:   3   0      1720   3173552     87708   1052688    0    0      0      5 2387 2923 25  0 75  0  0
stress-ng: 03:04:23.37 info:  [578468] therm:  2.16  1.20  3.70  2.03  2.04  2.04   51.00
stress-ng: 03:05:23.37 info:  [578468] vmstat:   3   0      1720   3081624     87788   1052696    0    0      0      4 2388 2918 25  0 75  0  0
stress-ng: 03:05:23.37 info:  [578468] therm:  1.20  1.20  1.20  2.13  2.06  2.04   48.00
stress-ng: 03:06:11.62 info:  [578474] vm: x86 movdiri instruction not supported, dropping back to plain 64 bit writes
stress-ng: 03:06:23.37 info:  [578468] vmstat:   3   0      1720   7114356     87876   1052772    0 14894      0  59581 2440 2969 22  3 75  1  0
stress-ng: 03:06:23.37 info:  [578468] therm:  2.01  1.20  2.50  2.11  2.06  2.04   51.00
stress-ng: 03:07:23.37 info:  [578468] vmstat:   3   0      1976   4956540     87980   1053024    0 14894      2  59586 2422 2956 22  3 75  1  0
stress-ng: 03:07:23.37 info:  [578468] therm:  2.64  1.20  3.90  2.09  2.06  2.04   61.00
stress-ng: 03:08:23.37 info:  [578468] vmstat:   3   0      1720   2933396     88068   1053072    0 14894      0  59582 2446 2942 21  3 75  1  0
stress-ng: 03:08:23.37 info:  [578468] therm:  1.20  1.20  1.20  2.07  2.06  2.04   50.00
stress-ng: 03:09:23.37 info:  [578468] vmstat:   3   0      1720   3028244     88164   1053088    0    0      0      5 2432 2937 25  0 75  0  0
stress-ng: 03:09:23.37 info:  [578468] therm:  1.20  1.20  1.20  2.09  2.07  2.04   51.00
stress-ng: 03:10:23.37 info:  [578468] vmstat:   3   0      1464   6081444     88260   1053068    0 14894      0  59585 2497 3000 23  1 75  1  0
stress-ng: 03:10:23.37 info:  [578468] therm:  1.20  1.20  1.20  2.03  2.05  2.04   48.00
stress-ng: 03:11:23.37 info:  [578468] vmstat:   3   0      1464   3043776     88348   1053080    0    0      0      8 2448 2945 25  0 75  0  0
stress-ng: 03:11:23.37 info:  [578468] therm:  1.20  1.20  1.20  2.01  2.04  2.03   48.00
stress-ng: 03:12:23.37 info:  [578468] vmstat:   3   0      1464   3014904     88444   1053088    0    0      0      5 2423 2928 23  2 75  0  0
stress-ng: 03:12:23.37 info:  [578468] therm:  1.20  1.20  1.20  2.00  2.03  2.03   49.00
stress-ng: 03:13:23.37 info:  [578468] vmstat:   3   0      1464   2578420     88540   1053100    0    0      0      5 2454 2990 22  3 75  0  0
stress-ng: 03:13:23.37 info:  [578468] therm:  1.20  1.20  1.20  2.00  2.02  2.02   48.00
stress-ng: 03:14:23.37 info:  [578468] vmstat:   3   0      1464   6545128     88636   1053120    0    0      0      5 2444 2956 23  2 75  0  0
stress-ng: 03:14:23.37 info:  [578468] therm:  1.20  1.20  1.20  2.11  2.05  2.03   47.00
stress-ng: 03:15:23.37 info:  [578468] vmstat:   3   0      1464  10118636     88732   1053136    0    0      0      5 2420 2932 25  0 75  0  0
stress-ng: 03:15:23.37 info:  [578468] therm: AvGHz MnGHz MxGHz  LdA1  LdA5 LdA15  x86_pk
stress-ng: 03:15:23.37 info:  [578468] therm:  1.20  1.20  1.20  2.18  2.09  2.04   47.00
stress-ng: 03:16:23.37 info:  [578468] vmstat:   r   b      swpd      free      buff     cache   si   so     bi     bo   in   cs us sy id wa st
stress-ng: 03:16:23.37 info:  [578468] vmstat:   3   0      1464  10050620     88820   1053148    0    0      0      4 2421 2947 25  0 75  0  0
stress-ng: 03:16:23.37 info:  [578468] therm:  1.51  1.20  3.70  2.22  2.12  2.06   47.00
stress-ng: 03:17:23.37 info:  [578468] vmstat:   3   0      1464   9964336     88916   1053160    0    0      0      8 2405 2933 25  0 75  0  0
stress-ng: 03:17:23.37 info:  [578468] therm:  1.20  1.20  1.20  2.08  2.10  2.05   48.00
stress-ng: 03:18:23.37 info:  [578468] vmstat:   3   0      1464   9891448     89004   1053172    0    0      0      4 2397 2928 25  0 75  0  0
stress-ng: 03:18:23.37 info:  [578468] therm:  2.00  1.20  3.90  2.06  2.09  2.05   48.00
stress-ng: 03:19:23.37 info:  [578468] vmstat:   3   0      1464   9807708     89100   1053184    0    0      0      5 2415 2978 25  0 75  0  0
stress-ng: 03:19:23.37 info:  [578468] therm:  1.51  1.20  3.70  2.02  2.07  2.04   48.00
stress-ng: 03:20:23.37 info:  [578468] vmstat:   3   0      1464   9723096     89188   1053200    0    0      0      5 2403 2920 25  0 75  0  0
stress-ng: 03:20:23.37 info:  [578468] therm:  1.20  1.20  1.20  2.07  2.07  2.04   49.00
stress-ng: 03:21:23.37 info:  [578468] vmstat:   3   0      1464   9636752     89284   1053212    0    0      0      5 2414 2965 25  0 75  0  0
stress-ng: 03:21:23.37 info:  [578468] therm:  2.76  1.20  3.71  2.11  2.07  2.04   52.00
stress-ng: 03:22:23.37 info:  [578468] vmstat:   3   0      1464   9553116     89364   1053224    0    0      0      4 2384 2920 25  0 75  0  0
stress-ng: 03:22:23.37 info:  [578468] therm:  1.36  1.20  2.50  2.10  2.07  2.04   49.00
stress-ng: 03:23:23.37 info:  [578468] vmstat:   3   0      1464   9467268     89452   1053236    0    0      0      4 2397 2930 25  0 75  0  0
stress-ng: 03:23:23.37 info:  [578468] therm:  1.54  1.20  3.90  2.03  2.06  2.04   49.00
stress-ng: 03:24:23.37 info:  [578468] vmstat:   3   0      1464   9376904     89548   1053252    0    0      0      4 2415 2967 25  0 75  0  0
stress-ng: 03:24:23.37 info:  [578468] therm:  2.31  1.20  2.50  2.04  2.06  2.04   51.00
stress-ng: 03:25:23.37 info:  [578468] vmstat:   3   0      1464   9299672     89636   1053264    0    0      0      4 2389 2917 25  0 75  0  0
stress-ng: 03:25:23.37 info:  [578468] therm:  1.68  1.20  3.70  2.01  2.04  2.03   47.00
stress-ng: 03:26:23.37 info:  [578468] vmstat:   3   0      1464   9218056     89724   1053276    0    0      0      4 2399 2922 25  0 75  0  0
stress-ng: 03:26:23.37 info:  [578468] therm:  1.20  1.20  1.20  2.06  2.05  2.03   49.00
stress-ng: 03:27:23.37 info:  [578468] vmstat:   3   0      1464   9129700     89812   1053324    0    0      0      6 2432 2984 25  0 75  0  0
stress-ng: 03:27:23.37 info:  [578468] therm:  1.20  1.20  1.20  2.02  2.04  2.03   48.00
stress-ng: 03:28:23.37 info:  [578468] vmstat:   3   0      1464   9055972     89900   1053336    0    0      0      7 2406 2924 25  0 75  0  0
stress-ng: 03:28:23.37 info:  [578468] therm:  1.20  1.20  1.20  2.05  2.04  2.03   47.00
stress-ng: 03:29:23.37 info:  [578468] vmstat:   3   0      1464   8975756     89996   1053352    0    0      0      4 2404 2926 25  0 75  0  0
stress-ng: 03:29:23.37 info:  [578468] therm:  1.20  1.20  1.20  2.08  2.05  2.03   48.00
stress-ng: 03:30:23.37 info:  [578468] vmstat:   3   0      1464   8894600     90084   1053360    0    0      0      7 2427 2974 25  0 75  0  0
stress-ng: 03:30:23.37 info:  [578468] therm:  1.52  1.20  3.70  2.03  2.04  2.02   48.00
stress-ng: 03:31:23.37 info:  [578468] vmstat:   3   0      1464   8810772     90180   1053380    0    0      0      5 2391 2906 25  0 75  0  0
stress-ng: 03:31:23.37 info:  [578468] therm:  1.54  1.20  3.90  2.06  2.04  2.02   48.00
stress-ng: 03:32:23.37 info:  [578468] vmstat:   3   0      1464   8731420     90276   1053392    0    0      0      5 2390 2899 25  0 74  0  0
stress-ng: 03:32:23.37 info:  [578468] therm:  1.20  1.20  1.20  2.02  2.03  2.01   47.00
stress-ng: 03:33:23.37 info:  [578468] vmstat:   3   0      1464   8630464     90372   1053404    0    0      0      5 2433 2978 25  0 75  0  0
stress-ng: 03:33:23.37 info:  [578468] therm:  1.53  1.20  2.50  2.01  2.02  2.01   48.00
stress-ng: 03:34:23.37 info:  [578468] vmstat:   3   0      1464   8552472     90460   1053420    0    0      0      5 2411 2936 25  0 75  0  0
stress-ng: 03:34:23.37 info:  [578468] therm:  1.50  1.20  3.60  2.03  2.03  2.01   47.00
stress-ng: 03:35:23.37 info:  [578468] vmstat:   3   0      1464   8464592     90548   1053432    0    0      0      4 2406 2922 25  0 75  0  0
stress-ng: 03:35:23.37 info:  [578468] therm:  1.20  1.20  1.20  2.06  2.04  2.01   47.00
stress-ng: 03:36:23.37 info:  [578468] vmstat:   3   0      1464   8375568     90636   1053444    0    0      0      4 2435 2981 25  0 75  0  0
stress-ng: 03:36:23.37 info:  [578468] therm:  3.20  2.50  3.90  2.15  2.07  2.02   49.00
stress-ng: 03:37:23.37 info:  [578468] vmstat:   3   0      1464   8286908     90724   1053452    0    0      0      4 2421 2935 25  0 75  0  0
stress-ng: 03:37:23.37 info:  [578468] therm:  1.20  1.20  1.20  2.10  2.07  2.02   48.00
stress-ng: 03:38:23.37 info:  [578468] vmstat:   4   0      1464   8194700     90820   1053464    0    0      0      4 2433 2962 25  0 75  0  0
stress-ng: 03:38:23.37 info:  [578468] therm:  2.76  1.20  3.70  2.08  2.07  2.02   50.00
stress-ng: 03:39:23.37 info:  [578468] vmstat:   3   0      1464   8114472     90916   1053484    0    0      0      5 2454 2986 25  0 75  0  0
stress-ng: 03:39:23.37 info:  [578468] therm:  1.20  1.20  1.20  2.03  2.06  2.01   48.00
stress-ng: 03:40:23.37 info:  [578468] vmstat:   3   0      1464   8018696     91004   1053500    0    0      0      4 2424 2945 25  0 75  0  0
stress-ng: 03:40:23.37 info:  [578468] therm: AvGHz MnGHz MxGHz  LdA1  LdA5 LdA15  x86_pk
stress-ng: 03:40:23.37 info:  [578468] therm:  1.20  1.20  1.20  2.08  2.06  2.01   49.00
stress-ng: 03:41:23.37 info:  [578468] vmstat:   r   b      swpd      free      buff     cache   si   so     bi     bo   in   cs us sy id wa st
stress-ng: 03:41:23.37 info:  [578468] vmstat:   3   0      1464   7930152     91100   1053512    0    0      0      5 2436 2975 25  0 75  0  0
stress-ng: 03:41:23.37 info:  [578468] therm:  2.16  1.20  3.70  2.11  2.06  2.01   49.00
stress-ng: 03:42:23.37 info:  [578468] vmstat:   3   0      1464   7834904     91196   1053528    0    0      0      4 2399 2922 25  0 75  0  0
stress-ng: 03:42:23.37 info:  [578468] therm:  1.51  1.20  3.70  2.04  2.05  2.01   47.00
stress-ng: 03:43:23.37 info:  [578468] vmstat:   3   0      1464   7758472     91292   1053540    0    0      0      4 2394 2930 25  0 75  0  0
stress-ng: 03:43:23.37 info:  [578468] therm:  1.20  1.20  1.20  2.01  2.04  2.00   48.00
stress-ng: 03:44:23.37 info:  [578468] vmstat:   3   0      1464   7659016     91388   1053552    0    0      0      5 2410 2965 25  0 75  0  0
stress-ng: 03:44:23.37 info:  [578468] therm:  1.50  1.20  3.60  2.00  2.03  2.00   48.00
stress-ng: 03:45:23.37 info:  [578468] vmstat:   3   0      1464   7576384     91476   1053560    0    0      0      4 2387 2904 25  0 75  0  0
stress-ng: 03:45:23.37 info:  [578468] therm:  1.85  1.20  3.90  2.00  2.02  2.00   49.00
stress-ng: 03:46:23.37 info:  [578468] vmstat:   3   0      1464   7476844     91572   1053576    0    0      0      4 2400 2931 25  0 75  0  0
stress-ng: 03:46:23.37 info:  [578468] therm:  2.48  1.20  3.90  2.06  2.03  2.00   51.00
stress-ng: 03:47:23.37 info:  [578468] vmstat:   3   0      1464   7383072     91652   1053596    0    0      0      5 2435 2991 25  0 75  0  0
stress-ng: 03:47:23.37 info:  [578468] therm:  1.36  1.20  2.50  2.09  2.04  2.00   50.00
stress-ng: 03:48:23.37 info:  [578468] vmstat:   3   0      1464   7290236     91748   1053608    0    0      0      5 2400 2918 25  0 75  0  0
stress-ng: 03:48:23.37 info:  [578468] therm:  1.36  1.20  2.50  2.03  2.03  2.00   48.00
stress-ng: 03:49:23.37 info:  [578468] vmstat:   3   0      1464   7199736     91836   1053620    0    0      0      4 2392 2915 25  0 75  0  0
stress-ng: 03:49:23.37 info:  [578468] therm:  1.54  1.20  3.90  2.01  2.02  2.00   47.00
stress-ng: 03:50:23.37 info:  [578468] vmstat:   3   0      1464   7105412     91924   1053636    0    0      0      4 2421 2971 25  0 75  0  0
stress-ng: 03:50:23.37 info:  [578468] therm:  1.36  1.20  2.50  2.08  2.03  2.00   49.00
stress-ng: 03:51:23.37 info:  [578468] vmstat:   3   0      1464   7011344     92012   1053644    0    0      0      4 2418 2944 25  0 75  0  0
stress-ng: 03:51:23.37 info:  [578468] therm:  2.48  1.20  3.90  2.03  2.03  2.00   52.00
stress-ng: 03:52:23.37 info:  [578468] vmstat:   3   0      1464   6911632     92100   1053664    0    0      0      4 2387 2906 25  0 75  0  0
stress-ng: 03:52:23.37 info:  [578468] therm:  1.54  1.20  3.90  2.08  2.04  2.00   50.00
stress-ng: 03:53:23.37 info:  [578468] vmstat:   3   0      1464   6819088     92188   1053672    0    0      0      4 2428 2985 25  0 75  0  0
stress-ng: 03:53:23.37 info:  [578468] therm:  1.84  1.20  3.80  2.11  2.04  2.01   50.00
stress-ng: 03:54:23.37 info:  [578468] vmstat:   3   0      1464   6722012     92276   1053688    0    0      0      4 2408 2924 25  0 75  0  0
stress-ng: 03:54:23.37 info:  [578468] therm:  2.48  1.20  3.90  2.04  2.03  2.00   53.00
stress-ng: 03:55:23.37 info:  [578468] vmstat:   3   0      1464   6631164     92364   1053700    0    0      0      4 2428 2975 25  0 75  0  0
stress-ng: 03:55:23.37 info:  [578468] therm:  1.36  1.20  2.50  2.05  2.04  2.00   49.00
stress-ng: 03:56:23.37 info:  [578468] vmstat:   3   0      1464   6539980     92452   1053716    0    0      0      4 2409 2937 25  0 75  0  0
stress-ng: 03:56:23.37 info:  [578468] therm:  1.50  1.20  3.60  2.10  2.06  2.01   48.00
stress-ng: 03:57:23.37 info:  [578468] vmstat:   3   0      1464   6439256     92548   1053724    0    0      0      9 2405 2926 25  0 75  0  0
stress-ng: 03:57:23.37 info:  [578468] therm:  1.54  1.20  3.90  2.13  2.08  2.01   50.00
stress-ng: 03:58:23.37 info:  [578468] vmstat:   3   0      1464   6357436     92636   1053736    0    0      0      4 2424 2963 25  0 75  0  0
stress-ng: 03:58:23.37 info:  [578468] therm:  1.20  1.20  1.20  2.05  2.06  2.01   49.00
stress-ng: 03:59:23.37 info:  [578468] vmstat:   3   0      1464   6257548     92724   1053752    0    0      0      5 2397 2918 25  0 75  0  0
stress-ng: 03:59:23.37 info:  [578468] therm:  1.20  1.20  1.20  2.06  2.06  2.01   48.00
stress-ng: 04:00:23.37 info:  [578468] vmstat:   3   0      1464   6173792     92812   1053760    0    0      0      4 2412 2943 25  0 75  0  0
stress-ng: 04:00:23.37 info:  [578468] therm:  1.54  1.20  3.90  2.02  2.05  2.00   49.00
stress-ng: 04:01:23.37 info:  [578468] vmstat:   3   0      1464   6077276     92900   1053776    0    0      0      4 2416 2973 25  0 75  0  0
stress-ng: 04:01:23.37 info:  [578468] therm:  1.36  1.20  2.50  2.01  2.04  2.00   49.00
stress-ng: 04:02:23.37 info:  [578468] vmstat:   3   0      1464   6006952     92996   1053788    0    0      0      5 2392 2918 25  0 75  0  0
stress-ng: 04:02:23.37 info:  [578468] therm:  1.54  1.20  3.90  2.11  2.06  2.01   48.00
stress-ng: 04:03:23.37 info:  [578468] vmstat:   3   0      1464   5924128     93084   1053800    0    0      0      4 2389 2910 25  0 75  0  0
stress-ng: 04:03:23.37 info:  [578468] therm:  1.20  1.20  1.20  2.08  2.06  2.01   48.00
stress-ng: 04:04:23.37 info:  [578468] vmstat:   3   0      1464   5839408     93172   1053816    0    0      0      4 2418 2973 25  0 75  0  0
stress-ng: 04:04:23.37 info:  [578468] therm:  2.18  1.20  3.80  2.03  2.05  2.00   51.00
stress-ng: 04:05:23.37 info:  [578468] vmstat:   3   0      1464   5750984     93260   1053836    0    0      0      5 2398 2920 25  0 75  0  0
stress-ng: 04:05:23.37 info:  [578468] therm: AvGHz MnGHz MxGHz  LdA1  LdA5 LdA15  x86_pk
stress-ng: 04:05:23.37 info:  [578468] therm:  1.36  1.20  2.50  2.08  2.05  2.00   49.00
stress-ng: 04:06:23.37 info:  [578468] vmstat:   r   b      swpd      free      buff     cache   si   so     bi     bo   in   cs us sy id wa st
stress-ng: 04:06:23.37 info:  [578468] vmstat:   3   0      1464   5669824     93348   1053848    0    0      0      4 2393 2899 25  0 75  0  0
stress-ng: 04:06:23.37 info:  [578468] therm:  1.51  1.20  3.70  2.03  2.04  2.00   48.00
stress-ng: 04:07:23.37 info:  [578468] vmstat:   3   0      1464   5577416     93436   1053864    0    0      0      3 2440 2978 25  0 75  0  0
stress-ng: 04:07:23.37 info:  [578468] therm:  1.20  1.20  1.20  2.01  2.03  2.00   49.00
stress-ng: 04:08:23.37 info:  [578468] vmstat:   3   0      1464   5496912     93524   1053876    0    0      0      4 2435 2934 25  0 75  0  0
stress-ng: 04:08:23.37 info:  [578468] therm:  1.51  1.20  3.70  2.00  2.02  2.00   48.00
stress-ng: 04:09:23.37 info:  [578468] vmstat:   3   0      1464   5413444     93620   1053884    0    0      0      4 2433 2941 25  0 75  0  0
stress-ng: 04:09:23.37 info:  [578468] therm:  1.51  1.20  3.70  2.04  2.03  2.00   48.00
stress-ng: 04:10:23.37 info:  [578468] vmstat:   3   0      1464   5328060     93716   1053904    0    0      0      5 2462 3008 25  0 75  0  0
stress-ng: 04:10:23.37 info:  [578468] therm:  3.12  1.20  3.90  2.09  2.04  2.00   52.00
stress-ng: 04:11:23.37 info:  [578468] vmstat:   3   0      1464   5242960     93804   1053912    0    0      0      4 2417 2929 25  0 75  0  0
stress-ng: 04:11:23.37 info:  [578468] therm:  1.54  1.20  3.90  2.03  2.03  2.00   48.00
stress-ng: 04:12:23.37 info:  [578468] vmstat:   3   0      1464   5159764     93900   1053928    0    0      0      5 2460 2993 25  0 75  0  0
stress-ng: 04:12:23.37 info:  [578468] therm:  2.18  1.20  2.50  2.01  2.02  2.00   49.00
stress-ng: 04:13:23.37 info:  [578468] vmstat:   3   0      1464   5075624     93988   1053940    0    0      0      4 2428 2942 25  0 75  0  0
stress-ng: 04:13:23.37 info:  [578468] therm:  1.20  1.20  1.20  2.00  2.02  2.00   48.00
stress-ng: 04:14:23.37 info:  [578468] vmstat:   3   0      1464   4993356     94076   1053952    0    0      0      4 2426 2942 25  0 75  0  0
stress-ng: 04:14:23.37 info:  [578468] therm:  1.20  1.20  1.20  2.00  2.01  2.00   48.00
stress-ng: 04:15:23.37 info:  [578468] vmstat:   3   0      1464   4905076     94172   1053968    0    0      0      4 2450 2989 25  0 75  0  0
stress-ng: 04:15:23.37 info:  [578468] therm:  1.51  1.20  3.70  2.00  2.01  2.00   48.00
stress-ng: 04:16:23.37 info:  [578468] vmstat:   3   0      1464   4816216     94260   1053976    0    0      0      4 2417 2922 25  0 75  0  0
stress-ng: 04:16:23.37 info:  [578468] therm:  1.51  1.20  3.70  2.00  2.00  2.00   48.00
stress-ng: 04:17:23.37 info:  [578468] vmstat:   3   0      1464   4739500     94356   1053992    0    0      0      8 2422 2937 25  0 75  0  0
stress-ng: 04:17:23.37 info:  [578468] therm:  1.20  1.20  1.20  2.10  2.03  2.01   49.00
stress-ng: 04:18:23.37 info:  [578468] vmstat:   3   0      1464   4658100     94444   1054004    0    0      0      4 2418 2960 25  0 75  0  0
stress-ng: 04:18:23.37 info:  [578468] therm:  1.36  1.20  2.50  2.09  2.04  2.01   48.00
stress-ng: 04:19:23.37 info:  [578468] vmstat:   3   0      1464   4570700     94540   1054016    0    0      0      5 2392 2906 25  0 75  0  0
stress-ng: 04:19:23.37 info:  [578468] therm:  1.20  1.20  1.20  2.03  2.03  2.00   48.00
stress-ng: 04:20:23.37 info:  [578468] vmstat:   4   0      1464   4491120     94628   1054028    0    0      0      4 2402 2934 25  0 75  0  0
stress-ng: 04:20:23.37 info:  [578468] therm:  2.47  1.20  3.70  2.01  2.02  2.00   51.00
stress-ng: 04:21:23.37 info:  [578468] vmstat:   3   0      1464   4402848     94724   1054044    0    0      0      5 2406 2941 25  0 75  0  0
stress-ng: 04:21:23.37 info:  [578468] therm:  1.85  1.20  3.90  2.04  2.03  2.00   49.00
stress-ng: 04:22:23.37 info:  [578468] vmstat:   3   0      1464   4309700     94820   1054060    0    0      0      4 2386 2909 25  0 74  0  0
stress-ng: 04:22:23.37 info:  [578468] therm:  1.85  1.20  3.90  2.11  2.05  2.01   50.00
stress-ng: 04:23:23.37 info:  [578468] vmstat:   3   0      1464   4225716     94908   1054076    0    0      0      4 2395 2917 25  0 75  0  0
stress-ng: 04:23:23.37 info:  [578468] therm:  1.54  1.20  3.90  2.04  2.04  2.00   50.00
stress-ng: 04:24:23.37 info:  [578468] vmstat:   3   0      1464   4152328     94988   1054088    0    0      0      4 2425 2981 25  0 75  0  0
stress-ng: 04:24:23.37 info:  [578468] therm:  1.36  1.20  2.50  2.01  2.03  2.00   50.00
stress-ng: 04:25:23.37 info:  [578468] vmstat:   3   0      1464   4068828     95084   1054100    0    0      0      5 2404 2946 25  0 75  0  0
stress-ng: 04:25:23.37 info:  [578468] therm:  1.20  1.20  1.20  2.00  2.02  2.00   49.00
stress-ng: 04:26:23.37 info:  [578468] vmstat:   3   0      1464   3982152     95180   1054112    0    0      0      4 2420 2962 25  0 75  0  0
stress-ng: 04:26:23.37 info:  [578468] therm:  2.47  1.20  3.70  2.00  2.02  2.00   53.00
stress-ng: 04:27:23.37 info:  [578468] vmstat:   3   0      1464   3903576     95276   1054128    0    0      0      8 2401 2921 25  0 74  0  0
stress-ng: 04:27:23.37 info:  [578468] therm:  1.39  1.20  2.50  2.00  2.01  2.00   50.00
stress-ng: 04:28:23.37 info:  [578468] vmstat:   3   0      1464   3815928     95364   1054140    0    0      0      5 2392 2923 25  0 75  0  0
stress-ng: 04:28:23.37 info:  [578468] therm:  1.51  1.20  3.70  2.10  2.04  2.01   49.00
stress-ng: 04:29:23.37 info:  [578468] vmstat:   3   0      1464   3736368     95460   1054160    0    0      0      4 2397 2918 25  0 75  0  0
stress-ng: 04:29:23.37 info:  [578468] therm:  2.45  1.20  3.70  2.08  2.04  2.01   51.00
stress-ng: 04:30:23.37 info:  [578468] vmstat:   3   0      1464   3633272     95548   1054168    0    0      0      4 2412 2946 25  0 75  0  0
stress-ng: 04:30:23.37 info:  [578468] therm: AvGHz MnGHz MxGHz  LdA1  LdA5 LdA15  x86_pk
stress-ng: 04:30:23.37 info:  [578468] therm:  1.20  1.20  1.20  2.08  2.05  2.01   49.00
stress-ng: 04:31:23.37 info:  [578468] vmstat:   r   b      swpd      free      buff     cache   si   so     bi     bo   in   cs us sy id wa st
stress-ng: 04:31:23.37 info:  [578468] vmstat:   3   0      1464   3550472     95644   1054184    0    0      0      5 2392 2915 25  0 75  0  0
stress-ng: 04:31:23.37 info:  [578468] therm:  1.20  1.20  1.20  2.06  2.05  2.01   48.00
stress-ng: 04:32:23.37 info:  [578468] vmstat:   3   0      1464   3466492     95740   1054196    0    0      0      4 2427 2980 25  0 74  0  0
stress-ng: 04:32:23.37 info:  [578468] therm:  2.13  1.20  2.51  2.07  2.06  2.01   48.00
stress-ng: 04:33:23.37 info:  [578468] vmstat:   3   0      1464   3382860     95828   1054208    0    0      0      4 2390 2918 25  0 75  0  0
stress-ng: 04:33:23.37 info:  [578468] therm:  1.71  1.20  3.80  2.02  2.04  2.00   48.00
stress-ng: 04:34:23.37 info:  [578468] vmstat:   3   0      1464   3305944     95916   1054216    0    0      0      4 2386 2916 25  0 75  0  0
stress-ng: 04:34:23.37 info:  [578468] therm:  1.85  1.20  3.90  2.05  2.05  2.00   49.00
stress-ng: 04:35:23.37 info:  [578468] vmstat:   3   0      1464   3215316     96004   1054236    0    0      0      4 2418 2970 25  0 75  0  0
stress-ng: 04:35:23.37 info:  [578468] therm:  2.36  1.20  2.68  2.05  2.05  2.00   49.00
stress-ng: 04:35:23.40 metrc: [578435] stressor       bogo ops real time  usr time  sys time   bogo ops/s     bogo ops/s CPU used per       RSS Max
stress-ng: 04:35:23.40 metrc: [578435]                           (secs)    (secs)    (secs)   (real time) (usr+sys time) instance (%)          (KB)
stress-ng: 04:35:23.40 metrc: [578435] vm             83681005  10800.03  21422.01    146.33      7748.22        3879.81        99.85       4024916
stress-ng: 04:35:23.40 info:  [578435] skipped: 0
stress-ng: 04:35:23.40 info:  [578435] passed: 2: vm (2)
stress-ng: 04:35:23.40 info:  [578435] failed: 0
stress-ng: 04:35:23.40 info:  [578435] metrics untrustworthy: 0
stress-ng: 04:35:23.40 info:  [578435] successful run completed in 3 hours
