[2026-09-27T00:39:07+09:00] OVERNIGHT QUALIFICATION START OUT=/home/USER/overnight-qualification/20260927-003907
[2026-09-27T00:39:07+09:00] waiting for ATTEMPT-004
[2026-09-27T00:40:07+09:00] waiting for ATTEMPT-004
[2026-09-27T00:41:07+09:00] waiting for ATTEMPT-004
[2026-09-27T00:42:07+09:00] waiting for ATTEMPT-004
[2026-09-27T00:43:07+09:00] waiting for ATTEMPT-004
[2026-09-27T00:44:07+09:00] waiting for ATTEMPT-004
[2026-09-27T00:45:07+09:00] waiting for ATTEMPT-004
[2026-09-27T00:46:07+09:00] waiting for ATTEMPT-004
[2026-09-27T00:47:07+09:00] waiting for ATTEMPT-004
[2026-09-27T00:48:07+09:00] waiting for ATTEMPT-004
[2026-09-27T00:49:07+09:00] waiting for ATTEMPT-004
[2026-09-27T00:50:07+09:00] waiting for ATTEMPT-004
[2026-09-27T00:51:07+09:00] waiting for ATTEMPT-004
[2026-09-27T00:52:07+09:00] waiting for ATTEMPT-004
[2026-09-27T00:53:07+09:00] waiting for ATTEMPT-004
[2026-09-27T00:54:07+09:00] waiting for ATTEMPT-004
[2026-09-27T00:55:07+09:00] waiting for ATTEMPT-004
[2026-09-27T00:56:07+09:00] waiting for ATTEMPT-004
[2026-09-27T00:57:07+09:00] waiting for ATTEMPT-004
[2026-09-27T00:58:07+09:00] waiting for ATTEMPT-004
[2026-09-27T00:59:07+09:00] waiting for ATTEMPT-004
[2026-09-27T01:00:07+09:00] waiting for ATTEMPT-004
[2026-09-27T01:01:07+09:00] waiting for ATTEMPT-004
[2026-09-27T01:02:07+09:00] waiting for ATTEMPT-004
[2026-09-27T01:03:07+09:00] waiting for ATTEMPT-004
[2026-09-27T01:04:07+09:00] waiting for ATTEMPT-004
[2026-09-27T01:05:07+09:00] waiting for ATTEMPT-004
[2026-09-27T01:06:07+09:00] waiting for ATTEMPT-004
[2026-09-27T01:07:07+09:00] waiting for ATTEMPT-004
[2026-09-27T01:08:07+09:00] waiting for ATTEMPT-004
[2026-09-27T01:09:07+09:00] waiting for ATTEMPT-004
[2026-09-27T01:10:07+09:00] waiting for ATTEMPT-004
[2026-09-27T01:11:07+09:00] waiting for ATTEMPT-004
[2026-09-27T01:12:07+09:00] waiting for ATTEMPT-004
[2026-09-27T01:13:07+09:00] waiting for ATTEMPT-004
[2026-09-27T01:14:07+09:00] waiting for ATTEMPT-004
[2026-09-27T01:15:07+09:00] waiting for ATTEMPT-004
[2026-09-27T01:16:07+09:00] waiting for ATTEMPT-004
[2026-09-27T01:17:07+09:00] waiting for ATTEMPT-004
[2026-09-27T01:18:07+09:00] waiting for ATTEMPT-004
[2026-09-27T01:19:07+09:00] waiting for ATTEMPT-004
[2026-09-27T01:20:07+09:00] waiting for ATTEMPT-004
[2026-09-27T01:21:08+09:00] waiting for ATTEMPT-004
[2026-09-27T01:22:08+09:00] waiting for ATTEMPT-004
[2026-09-27T01:23:08+09:00] waiting for ATTEMPT-004
[2026-09-27T01:24:08+09:00] waiting for ATTEMPT-004
[2026-09-27T01:25:08+09:00] waiting for ATTEMPT-004
[2026-09-27T01:26:08+09:00] waiting for ATTEMPT-004
[2026-09-27T01:27:08+09:00] waiting for ATTEMPT-004
[2026-09-27T01:28:08+09:00] waiting for ATTEMPT-004
[2026-09-27T01:29:08+09:00] waiting for ATTEMPT-004
[2026-09-27T01:30:08+09:00] waiting for ATTEMPT-004
[2026-09-27T01:31:08+09:00] waiting for ATTEMPT-004
[2026-09-27T01:32:08+09:00] waiting for ATTEMPT-004
[2026-09-27T01:33:08+09:00] waiting for ATTEMPT-004
[2026-09-27T01:34:08+09:00] waiting for ATTEMPT-004
[2026-09-27T01:35:23+09:00] cooldown preflight-cool
[2026-09-27T01:35:23+09:00] cooldown target reached

============================================================
 PHASE: memory-3h
============================================================
[2026-09-27T01:35:23+09:00] stress-ng --vm 2 --vm-bytes 70% --vm-method all --verify --metrics --vmstat 60 --thermalstat 60 --timestamp --timeout 3h
[2026-09-27T01:35:23+09:00] phase PID=578435
[2026-09-27T04:35:25+09:00] memory-3h RC=0
[2026-09-27T04:35:25+09:00] cooldown post-memory-cool
[2026-09-27T04:35:25+09:00] cooldown target reached

============================================================
 PHASE: gpu-2h
============================================================
[2026-09-27T04:35:25+09:00] cd /home/USER && HOME=/home/USER RUSTICL_ENABLE=radeonsi bash /home/USER/gpu-soak-2h.sh
[2026-09-27T04:35:25+09:00] phase PID=678377
[2026-09-27T06:35:35+09:00] gpu-2h RC=0
[2026-09-27T06:35:35+09:00] cooldown post-gpu-cool
[2026-09-27T06:35:35+09:00] cooldown target reached

============================================================
 PHASE: cpu-mixed-1h
============================================================
[2026-09-27T06:35:35+09:00] stress-ng --cpu 0 --cpu-method all --cpu-load 70 --cpu-load-slice 250 --verify --metrics --thermalstat 60 --timestamp --timeout 1h
[2026-09-27T06:35:35+09:00] phase PID=897696
[2026-09-27T07:35:40+09:00] cpu-mixed-1h RC=0
[2026-09-27T07:35:40+09:00] cooldown final-cool
[2026-09-27T07:35:40+09:00] cooldown target reached
